===== expansion =====
{"stage": "expansion", "result": {"cases": 26226, "cells": 9, "negative_cells": 6, "aligned_cases": 21466, "aligned_cells": 18, "composition_identities": 128}, "resources": {"stage": "expansion", "wall_seconds": 0.41675596699997186, "cpu_seconds": 0.4167364119999999, "peak_rss_kib": 97312, "workers": 1, "address_space_limit_bytes": 3221225472}}
===== monitor =====
{"stage": "monitor", "result": {"event_words_times_bounds": 21844, "cells": 28, "alphabet_size": 4, "max_length": 6}, "resources": {"stage": "monitor", "wall_seconds": 0.17205868300015936, "cpu_seconds": 0.17183418400000006, "peak_rss_kib": 94384, "workers": 1, "address_space_limit_bytes": 3221225472}}
===== graphs =====
{"stage": "graphs", "result": {"base_systems": 225, "monitored_systems": 900, "product_vertices": 13500, "property_scenarios": 3600, "boolean_answers_compared": 216000, "main_certificates": 900, "avoiding_certificates": 3600, "standalone_packets": ["m017-b0.json", "m017-b1.json", "m051-b0.json", "m051-b1.json", "m085-b0.json", "m085-b1.json", "m255-b0.json", "m255-b1.json"]}, "resources": {"stage": "graphs", "wall_seconds": 0.7356082680000782, "cpu_seconds": 0.7326626, "peak_rss_kib": 99500, "workers": 1, "address_space_limit_bytes": 3221225472}}
===== bisimulation =====
{"stage": "bisimulation", "result": {"candidate_relations": 14400, "accepted_relations": 2852, "relations_containing_distinct_states": 692, "lifted_checks": 11408, "scope": "self-relations on all total two-state two-action systems and binary state observations"}, "resources": {"stage": "bisimulation", "wall_seconds": 1.4050108199999158, "cpu_seconds": 1.402102339, "peak_rss_kib": 95956, "workers": 1, "address_space_limit_bytes": 3221225472}}
===== saturation =====
{"stage": "saturation", "result": {"cases": 256, "saturated": 60, "nonsaturated": 196, "run_atoms": 4, "observation_atoms": 2, "subsets_per_case": 16}, "resources": {"stage": "saturation", "wall_seconds": 0.003678936999904181, "cpu_seconds": 0.003677833999999991, "peak_rss_kib": 94248, "workers": 1, "address_space_limit_bytes": 3221225472}}
===== boundaries =====
{"stage": "boundaries", "result": {"named_negative_controls": 18, "all_detected": true, "note": "Hand-designed witnesses, not mutation-score evidence of completeness."}, "resources": {"stage": "boundaries", "wall_seconds": 0.000536077000106161, "cpu_seconds": 0.0005342429999999343, "peak_rss_kib": 94244, "workers": 1, "address_space_limit_bytes": 3221225472}}
===== classify0 =====
{"stage": "classify0", "result": {"configurations": 29988, "exact_equalities": 192, "block_pairs": 196, "maximum_reachable_vertices": 36, "equalities_by_kind": {"zero_without_reset": 0, "pure_miss_one": 120, "resetful_one": 72}, "maximum_block_length": 3, "source_bound": 0, "target_bound_max": 16, "mismatches": 0, "regular_interval_checks": 29988, "scope": "entire omega language per finite configuration; closed form, interval synthesis and product oracle"}, "resources": {"stage": "classify0", "wall_seconds": 1.0623839960001078, "cpu_seconds": 1.062340072, "peak_rss_kib": 94380, "workers": 1, "address_space_limit_bytes": 3221225472}}
===== classify1 =====
{"stage": "classify1", "result": {"configurations": 59976, "exact_equalities": 285, "block_pairs": 196, "maximum_reachable_vertices": 51, "equalities_by_kind": {"zero_without_reset": 0, "pure_miss_one": 277, "resetful_one": 8}, "maximum_block_length": 3, "source_bound": 1, "target_bound_max": 16, "mismatches": 0, "regular_interval_checks": 59976, "scope": "entire omega language per finite configuration; closed form, interval synthesis and product oracle"}, "resources": {"stage": "classify1", "wall_seconds": 2.6930105609999373, "cpu_seconds": 2.691457409, "peak_rss_kib": 94376, "workers": 1, "address_space_limit_bytes": 3221225472}}
===== classify2 =====
{"stage": "classify2", "result": {"configurations": 89964, "exact_equalities": 431, "block_pairs": 196, "maximum_reachable_vertices": 66, "equalities_by_kind": {"zero_without_reset": 0, "pure_miss_one": 431, "resetful_one": 0}, "maximum_block_length": 3, "source_bound": 2, "target_bound_max": 16, "mismatches": 0, "regular_interval_checks": 89964, "scope": "entire omega language per finite configuration; closed form, interval synthesis and product oracle"}, "resources": {"stage": "classify2", "wall_seconds": 4.744021827999859, "cpu_seconds": 4.741777996, "peak_rss_kib": 94380, "workers": 1, "address_space_limit_bytes": 3221225472}}
===== classify3 =====
{"stage": "classify3", "result": {"configurations": 119952, "exact_equalities": 585, "block_pairs": 196, "maximum_reachable_vertices": 80, "equalities_by_kind": {"zero_without_reset": 0, "pure_miss_one": 585, "resetful_one": 0}, "maximum_block_length": 3, "source_bound": 3, "target_bound_max": 16, "mismatches": 0, "regular_interval_checks": 119952, "scope": "entire omega language per finite configuration; closed form, interval synthesis and product oracle"}, "resources": {"stage": "classify3", "wall_seconds": 7.200269925999919, "cpu_seconds": 7.1970535579999995, "peak_rss_kib": 94376, "workers": 1, "address_space_limit_bytes": 3221225472}}
===== classify4 =====
{"stage": "classify4", "result": {"configurations": 149940, "exact_equalities": 739, "block_pairs": 196, "maximum_reachable_vertices": 93, "equalities_by_kind": {"zero_without_reset": 0, "pure_miss_one": 739, "resetful_one": 0}, "maximum_block_length": 3, "source_bound": 4, "target_bound_max": 16, "mismatches": 0, "regular_interval_checks": 149940, "scope": "entire omega language per finite configuration; closed form, interval synthesis and product oracle"}, "resources": {"stage": "classify4", "wall_seconds": 10.184921654999926, "cpu_seconds": 10.183072932, "peak_rss_kib": 94380, "workers": 1, "address_space_limit_bytes": 3221225472}}
===== public-budget =====
{"stage": "public-budget", "result": {"family_configurations": 360, "morphisms": 8, "feasible": 167, "infeasible": 193, "distinct_oracle_calls": 1144, "selection": "unordered pairs with repetition; blocks <=2; B=0..3; all a", "bound_search": "complete up to necessary interior upper bound"}, "resources": {"stage": "public-budget", "wall_seconds": 0.03619312499995431, "cpu_seconds": 0.03619325799999995, "peak_rss_kib": 94632, "workers": 1, "address_space_limit_bytes": 3221225472}}
===== composition =====
{"stage": "composition", "result": {"morphisms": 33, "ordered_pairs": 1089, "tested": 43335, "internal_gap_exclusions": 225, "distinct_oracle_calls": 32827, "maximum_reachable_vertices": 9, "source_bound_max": 3, "scope": "all initial debts and both permitted slacks; block length <=3 per pass"}, "resources": {"stage": "composition", "wall_seconds": 1.111226982000062, "cpu_seconds": 1.110999544, "peak_rss_kib": 104736, "workers": 1, "address_space_limit_bytes": 3221225472}}
===== regular-one-bit =====
{"stage": "regular-one-bit", "result": {"machines": 256, "parameter_configurations": 10240, "target_bounds_compared": 138240, "exact_target_bounds": 399, "feasible_intervals": 340, "infinite_safe_ceilings": 5344, "maximum_oracle_vertices": 123, "mismatches": 0, "state_relabeling_checks": 10240, "scope": "all two-state deterministic controls and one-bit output assignments; B=0..3, all source debts, target debt 0..3, every bound through horizon+1"}, "resources": {"stage": "regular-one-bit", "wall_seconds": 8.925753170000007, "cpu_seconds": 8.92213289, "peak_rss_kib": 99112, "workers": 1, "address_space_limit_bytes": 3221225472}}
===== regular-blocks =====
{"stage": "regular-blocks", "result": {"machines": 256, "parameter_configurations": 10240, "target_bounds_compared": 234240, "exact_target_bounds": 50, "feasible_intervals": 50, "infinite_safe_ceilings": 640, "maximum_oracle_vertices": 201, "mismatches": 0, "state_relabeling_checks": 10240, "scope": "fixed nontrivial two-state control graph, all blocks in {0,1,01,10}; B=0..3, all source debts, target debt 0..3, every bound through horizon+1"}, "resources": {"stage": "regular-blocks", "wall_seconds": 13.244104592999975, "cpu_seconds": 13.240254407, "peak_rss_kib": 99232, "workers": 1, "address_space_limit_bytes": 3221225472}}
===== regular-annotated =====
{"stage": "regular-annotated", "result": {"machines": 64, "parameter_configurations": 2560, "target_bounds_compared": 34560, "exact_target_bounds": 10, "feasible_intervals": 10, "infinite_safe_ceilings": 1216, "maximum_oracle_vertices": 173, "mismatches": 0, "state_relabeling_checks": 2560, "scope": "fixed two-state, three-symbol control graph with reset annotations (0,1,1); all 64 one-bit output assignments; B=0..3, all source debts, target debt 0..3, every bound through horizon+1"}, "resources": {"stage": "regular-annotated", "wall_seconds": 5.008031342000095, "cpu_seconds": 5.005913742, "peak_rss_kib": 95532, "workers": 1, "address_space_limit_bytes": 3221225472}}
===== regular-certificates =====
{"stage": "regular-certificates", "result": {"candidate_parameter_configurations": 3456, "feasible_contracts": 150, "certificates_generated_and_checked": 150, "mutated_packets_rejected": 374, "retained_packets": ["one-bit-o016-b0-t0.json", "one-bit-o016-b1-t0.json", "one-bit-o016-b2-t0.json", "one-bit-o017-b0-t0.json", "one-bit-o017-b1-t0.json", "one-bit-o017-b2-t0.json", "one-bit-o018-b0-t0.json", "one-bit-o018-b1-t0.json"], "checker_scope": "positive fixed-parameter exact-language certificates"}, "resources": {"stage": "regular-certificates", "wall_seconds": 0.5352338820000568, "cpu_seconds": 0.534875401, "peak_rss_kib": 94892, "workers": 1, "address_space_limit_bytes": 3221225472}}
===== regular-decisions =====
{"stage": "regular-decisions", "result": {"decision_packets_generated_and_checked": 29680, "exact_packets": 130, "forward_counterexamples": 6061, "reverse_lasso_counterexamples": 23489, "mutated_packets_rejected": 29807, "retained_packets": {"exact": ["exact-f00-b0-a0-c0-t0.json", "exact-f00-b1-a0-c1-t0.json", "exact-f00-b1-a1-c1-t1.json", "exact-f00-b2-a0-c2-t0.json"], "source-valid-target-invalid": ["source-valid-target-invalid-f00-b0-a0-c0-t1.json", "source-valid-target-invalid-f00-b0-a0-c0-t2.json", "source-valid-target-invalid-f00-b0-a0-c1-t2.json", "source-valid-target-invalid-f00-b0-a0-c0-t3.json"], "source-invalid-target-valid": ["source-invalid-target-valid-f00-b0-a0-c1-t0.json", "source-invalid-target-valid-f00-b0-a0-c2-t0.json", "source-invalid-target-valid-f00-b0-a0-c3-t0.json", "source-invalid-target-valid-f00-b0-a0-c4-t0.json"]}, "mismatches": 0}, "resources": {"stage": "regular-decisions", "wall_seconds": 8.682344663000094, "cpu_seconds": 8.677631493, "peak_rss_kib": 102696, "workers": 1, "address_space_limit_bytes": 3221225472}}
===== regular-composition =====
{"stage": "regular-composition", "result": {"transducers": 16, "ordered_pairs": 256, "first_contract_candidates": 4608, "feasible_first_contracts": 976, "feasible_second_contracts": 485, "exact_composite_contracts": 485, "finite_word_extensional_checks": 16128, "maximum_oracle_vertices": 11, "mismatches": 0}, "resources": {"stage": "regular-composition", "wall_seconds": 1.7246949450000102, "cpu_seconds": 1.7228148499999998, "peak_rss_kib": 94380, "workers": 1, "address_space_limit_bytes": 3221225472}}
===== annotated-composition =====
{"stage": "annotated-composition", "result": {"three_symbol_first_transducers": 16, "binary_second_transducers": 16, "ordered_pairs": 256, "first_contract_candidates": 4608, "feasible_first_contracts": 208, "feasible_second_contracts": 99, "exact_composite_contracts": 99, "finite_word_extensional_checks": 30976, "maximum_oracle_vertices": 29, "mismatches": 0}, "resources": {"stage": "annotated-composition", "wall_seconds": 1.6760172099998272, "cpu_seconds": 1.675945762, "peak_rss_kib": 94372, "workers": 1, "address_space_limit_bytes": 3221225472}}
===== canonical-expansions =====
{"stage": "canonical-expansions", "result": {"source_systems": 225, "transducers": 16, "expanded_systems": 3600, "finite_paths_checked": 189072, "source_low_labels_checked": 639232, "exact_contracts_checked": 13725, "viability_agreements": 13725, "mismatches": 0, "scope": "all two-state nonblocking labelled edge subsets; all sixteen reset-faithful stateful transducers"}, "resources": {"stage": "canonical-expansions", "wall_seconds": 2.944224856999881, "cpu_seconds": 2.943362641, "peak_rss_kib": 96556, "workers": 1, "address_space_limit_bytes": 3221225472}}
===== annotated-expansions =====
{"stage": "annotated-expansions", "result": {"source_systems": 225, "transducers": 16, "expanded_systems": 3600, "finite_paths_checked": 73104, "source_low_labels_checked": 175360, "exact_contracts_checked": 2925, "viability_agreements": 2925, "mismatches": 0, "scope": "all two-state nonblocking labelled edge subsets; sixteen reset-faithful three-symbol transducers; stable edge-class annotations"}, "resources": {"stage": "annotated-expansions", "wall_seconds": 0.972701883000127, "cpu_seconds": 0.9726454280000001, "peak_rss_kib": 95912, "workers": 1, "address_space_limit_bytes": 3221225472}}
